#[dot-dot-dot.kl:20.4-20.11]<(1 2 3 4)> : Syntax
#[dot-dot-dot.kl:31.27-31.34]<(1 2)> : Syntax
#[dot-dot-dot.kl:52.4-52.11]<(1 2 3 4 5 6)> : Syntax
#[dot-dot-dot.kl:55.17-55.24]<(quote (1 (2 3) 4 5 6))> : Syntax
#[dot-dot-dot.kl:233.10-233.34]<(1 2 3 4)> : Syntax
#[dot-dot-dot.kl:235.20-235.37]<(foo bar)> : Syntax
