(of-unit #<IO action>) : (OfUnit IO)
(of-unit #<closure>) : (OfUnit ((→) Unit))
(of-unit (just (unit))) : (OfUnit Maybe)
(of-unit (pair (unit) (unit))) : (OfUnit (Pair Unit))
(of-unit-unit #<closure>) : (OfUnitUnit (→))
(of-unit-unit #<closure>) : (OfUnitUnit (→))
(of-unit-unit (pair (unit) (unit))) : (OfUnitUnit Pair)
