(of-unit #<IO action>) : (OfUnit IO)
(of-unit #<x>) : (OfUnit (→ Unit))
(of-unit (just (unit))) : (OfUnit Maybe)
(of-unit (pair (unit) (unit))) : (OfUnit (Pair Unit))
(of-unit-unit #<x>) : (OfUnitUnit (→))
(of-unit-unit #<x>) : (OfUnitUnit (→))
(of-unit-unit (pair (unit) (unit))) : (OfUnitUnit Pair)
