10 : Integer
(:: 3 (:: 3 (:: 3 (:: 4 (nil))))) : (List Integer)
(:: 1 (:: 2 (:: 3 (nil)))) : (List Integer)
(:: 1 (:: 2 (:: 3 (:: 4 (nil))))) : (List Integer)
(:: 3 (:: 2 (:: 1 (nil)))) : (List Integer)
(:: #[list-test.kl:26.19-26.20]<a>
    (:: #[list-test.kl:26.21-26.22]<b>
        (:: #[list-test.kl:26.23-26.24]<c> (nil)))) : (List Syntax)
#[list-test.kl:29.34-29.38]<(a b c)> : Syntax
