#[quasiquote.kl:67.22-67.29]<nothing> : Syntax
#[quasiquote.kl:70.22-70.27]<thing> : Syntax
#[quasiquote.kl:67.22-67.29]<nothing> : Syntax
#[quasiquote.kl:49.63-49.66]<(thing)> : Syntax
#[quasiquote.kl:56.57-56.60]<(nothing)> : Syntax
#[quasiquote.kl:49.63-49.66]<(list-syntax (nothing thing) thing)> : Syntax
#[quasiquote.kl:49.63-49.66]<(list-syntax (nothing thing ()) thing)> : Syntax
#[quasiquote.kl:49.63-49.66]<(thing nothing thing)> : Syntax
#[quasiquote.kl:67.22-67.29]<(thing nothing)> : Syntax
