#[quasiquote.kl:70.22-70.29]<nothing> : Syntax
#[quasiquote.kl:73.22-73.27]<thing> : Syntax
#[quasiquote.kl:70.22-70.29]<nothing> : Syntax
#[quasiquote.kl:52.63-52.66]<(thing)> : Syntax
#[quasiquote.kl:59.57-59.60]<(nothing)> : Syntax
#[quasiquote.kl:52.63-52.66]<(list-syntax (nothing thing) thing)> : Syntax
#[quasiquote.kl:52.63-52.66]<(list-syntax (nothing thing ()) thing)> : Syntax
#[quasiquote.kl:52.63-52.66]<(thing nothing thing)> : Syntax
#[quasiquote.kl:70.22-70.29]<(thing nothing)> : Syntax
