(true) : Bool
(true) : Bool
#<_> : (Bool → (Bool → (Bool → (Bool → Unit))))
#<_> : (Bool → (Bool → (Bool → (Bool → Unit))))
(both #<x> #<_>) : ∀(α : *) (β : *) (γ : *). (Both (α → (β → (γ → Syntax))))
(both #<_> #<x>) : ∀(α : *) (β : *) (γ : *). (Both (α → (β → (γ → Syntax))))
"String" : String
"String -> String" : String
"String -> String -> String" : String
"(String -> String) -> String" : String
